◇ injected env (4) from .env // tip: ⌁ auth for agents [www.vestauth.com]
Server running on port 5000
User connected: fjGRHLdnN5zxsaluAAAB
san joined room room1
MongoDB Connected
Cleaned up memory for inactive room: room1
User disconnected: fjGRHLdnN5zxsaluAAAB
User connected: cpdAygXDTkg0Ogw4AAAD
Cleaned up memory for inactive room: room1
san left room room1
san joined room room1
san joined room room1
User connected: EmhyF_8RhRnxxee0AAAF
karthi joined room room1
karthi left room room1
karthi joined room room1
User disconnected: cpdAygXDTkg0Ogw4AAAD
User connected: wyKN1o7JKqZ61mPCAAAH
san joined room room1
karthi left room room1
User disconnected: EmhyF_8RhRnxxee0AAAF
Cleaned up memory for inactive room: room1
User disconnected: wyKN1o7JKqZ61mPCAAAH
User connected: l7MywRA98rSnbX8RAAAJ
san joined room room1
Cleaned up memory for inactive room: room1
User disconnected: l7MywRA98rSnbX8RAAAJ
User connected: -Vv_QeWMh5h_f9DUAAAM
User connected: UjJdz_gcMjbh3hiZAAAO
san joined room room1
Cleaned up memory for inactive room: room1
san left room room1
san joined room room1
Cleaned up memory for inactive room: room1
User disconnected: UjJdz_gcMjbh3hiZAAAO
User connected: 9HFFcS8S9P2yRdbGAAAQ
san joined room room1
Cleaned up memory for inactive room: room1
User disconnected: 9HFFcS8S9P2yRdbGAAAQ
User connected: XT5onAB1Gk9UDjopAAAS
san joined room room1
Cleaned up memory for inactive room: room1
User disconnected: XT5onAB1Gk9UDjopAAAS
User connected: xSZnCyIHfZbcGyblAAAU
san joined room room1
Cleaned up memory for inactive room: room1
User disconnected: xSZnCyIHfZbcGyblAAAU
User connected: 0F_0g0FSjW4TxqWNAAAW
san joined room room1
Cleaned up memory for inactive room: room1
User disconnected: 0F_0g0FSjW4TxqWNAAAW
User connected: lVAhz14sYDplC8aFAAAY
san joined room room1
User disconnected: -Vv_QeWMh5h_f9DUAAAM
User connected: 89VnSy2v3QmM7b9HAAAa
